******* Using Python version: 3.12.3
The /dev/input/event1 is the path and shanwan Android GamePad is the name of the device.

Webcam opened
The devices are connected

----------------------------------------------------------
[DRIVER] Logical time: 0.00 
[DRIVER] Physical time: 1507.00 
[DRIVER] LAG: 1507.00 
----------------------------------------------------------
----------------------------------------------------------
[DRIVER] Logical time: 200.00 
[DRIVER] Physical time: 1704.27 
[DRIVER] LAG: 1504.27 
----------------------------------------------------------
Faces: 0
Saved debug (no face)
----------------------------------------------------------
[DRIVER] Logical time: 400.00 
[DRIVER] Physical time: 1996.48 
[DRIVER] LAG: 1596.48 
----------------------------------------------------------
----------------------------------------------------------
[DRIVER] Logical time: 600.00 
[DRIVER] Physical time: 2104.05 
[DRIVER] LAG: 1504.05 
----------------------------------------------------------
----------------------------------------------------------
[DRIVER] Logical time: 800.00 
[DRIVER] Physical time: 2302.07 
[DRIVER] LAG: 1502.07 
----------------------------------------------------------
Faces: 0
Saved debug (no face)
----------------------------------------------------------
[DRIVER] Logical time: 1000.00 
[DRIVER] Physical time: 2501.81 
[DRIVER] LAG: 1501.81 
----------------------------------------------------------
----------------------------------------------------------
[DRIVER] Logical time: 1200.00 
[DRIVER] Physical time: 2702.62 
[DRIVER] LAG: 1502.62 
----------------------------------------------------------
Faces: 0
Saved debug (no face)
----------------------------------------------------------
[DRIVER] Logical time: 1400.00 
[DRIVER] Physical time: 2984.94 
[DRIVER] LAG: 1584.94 
----------------------------------------------------------
----------------------------------------------------------
[DRIVER] Logical time: 1600.00 
[DRIVER] Physical time: 3104.55 
[DRIVER] LAG: 1504.55 
----------------------------------------------------------
----------------------------------------------------------
[DRIVER] Logical time: 1800.00 
[DRIVER] Physical time: 3302.54 
[DRIVER] LAG: 1502.54 
----------------------------------------------------------
Faces: 0
Saved debug (no face)
----------------------------------------------------------
[DRIVER] Logical time: 2000.00 
[DRIVER] Physical time: 3502.49 
[DRIVER] LAG: 1502.49 
----------------------------------------------------------
----------------------------------------------------------
[DRIVER] Logical time: 2200.00 
[DRIVER] Physical time: 3702.93 
[DRIVER] LAG: 1502.93 
----------------------------------------------------------
Faces: 0
Saved debug (no face)
----------------------------------------------------------
[DRIVER] Logical time: 2400.00 
[DRIVER] Physical time: 3988.57 
[DRIVER] LAG: 1588.57 
----------------------------------------------------------
----------------------------------------------------------
[DRIVER] Logical time: 2600.00 
[DRIVER] Physical time: 4104.60 
[DRIVER] LAG: 1504.60 
----------------------------------------------------------
----------------------------------------------------------
[DRIVER] Logical time: 2800.00 
[DRIVER] Physical time: 4304.30 
[DRIVER] LAG: 1504.30 
----------------------------------------------------------
Faces: 0
Saved debug (no face)
----------------------------------------------------------
[DRIVER] Logical time: 3000.00 
[DRIVER] Physical time: 4502.01 
[DRIVER] LAG: 1502.01 
----------------------------------------------------------
----------------------------------------------------------
[DRIVER] Logical time: 3200.00 
[DRIVER] Physical time: 4702.61 
[DRIVER] LAG: 1502.61 
----------------------------------------------------------
Faces: 0
Saved debug (no face)
----------------------------------------------------------
[DRIVER] Logical time: 3400.00 
[DRIVER] Physical time: 4988.04 
[DRIVER] LAG: 1588.04 
----------------------------------------------------------
----------------------------------------------------------
[DRIVER] Logical time: 3600.00 
[DRIVER] Physical time: 5102.96 
[DRIVER] LAG: 1502.96 
----------------------------------------------------------
----------------------------------------------------------
[DRIVER] Logical time: 3800.00 
[DRIVER] Physical time: 5302.67 
[DRIVER] LAG: 1502.67 
----------------------------------------------------------
Faces: 0
Saved debug (no face)
----------------------------------------------------------
[DRIVER] Logical time: 4000.00 
[DRIVER] Physical time: 5502.33 
[DRIVER] LAG: 1502.33 
----------------------------------------------------------
----------------------------------------------------------
[DRIVER] Logical time: 4200.00 
[DRIVER] Physical time: 5702.77 
[DRIVER] LAG: 1502.77 
----------------------------------------------------------
Faces: 0
Saved debug (no face)
----------------------------------------------------------
[DRIVER] Logical time: 4400.00 
[DRIVER] Physical time: 5994.54 
[DRIVER] LAG: 1594.54 
----------------------------------------------------------
----------------------------------------------------------
[DRIVER] Logical time: 4600.00 
[DRIVER] Physical time: 6104.99 
[DRIVER] LAG: 1504.99 
----------------------------------------------------------
----------------------------------------------------------
[DRIVER] Logical time: 4800.00 
[DRIVER] Physical time: 6302.73 
[DRIVER] LAG: 1502.73 
----------------------------------------------------------
Faces: 0
Saved debug (no face)
----------------------------------------------------------
[DRIVER] Logical time: 5000.00 
[DRIVER] Physical time: 6506.16 
[DRIVER] LAG: 1506.16 
----------------------------------------------------------
----------------------------------------------------------
[DRIVER] Logical time: 5200.00 
[DRIVER] Physical time: 6702.72 
[DRIVER] LAG: 1502.72 
----------------------------------------------------------
Faces: 0
Saved debug (no face)
----------------------------------------------------------
[DRIVER] Logical time: 5400.00 
[DRIVER] Physical time: 7003.99 
[DRIVER] LAG: 1603.99 
----------------------------------------------------------
----------------------------------------------------------
[DRIVER] Logical time: 5600.00 
[DRIVER] Physical time: 7102.97 
[DRIVER] LAG: 1502.97 
----------------------------------------------------------
----------------------------------------------------------
[DRIVER] Logical time: 5800.00 
[DRIVER] Physical time: 7302.90 
[DRIVER] LAG: 1502.90 
----------------------------------------------------------
Faces: 0
Saved debug (no face)
----------------------------------------------------------
[DRIVER] Logical time: 6000.00 
[DRIVER] Physical time: 7505.99 
[DRIVER] LAG: 1505.99 
----------------------------------------------------------
----------------------------------------------------------
[DRIVER] Logical time: 6200.00 
[DRIVER] Physical time: 7702.97 
[DRIVER] LAG: 1502.97 
----------------------------------------------------------
Faces: 0
Saved debug (no face)
----------------------------------------------------------
[DRIVER] Logical time: 6400.00 
[DRIVER] Physical time: 8008.95 
[DRIVER] LAG: 1608.95 
----------------------------------------------------------
----------------------------------------------------------
[DRIVER] Logical time: 6600.00 
[DRIVER] Physical time: 8104.66 
[DRIVER] LAG: 1504.66 
----------------------------------------------------------
----------------------------------------------------------
[DRIVER] Logical time: 6800.00 
[DRIVER] Physical time: 8302.95 
[DRIVER] LAG: 1502.95 
----------------------------------------------------------
Faces: 0
Saved debug (no face)
----------------------------------------------------------
[DRIVER] Logical time: 7000.00 
[DRIVER] Physical time: 8502.61 
[DRIVER] LAG: 1502.61 
----------------------------------------------------------
----------------------------------------------------------
[DRIVER] Logical time: 7200.00 
[DRIVER] Physical time: 8703.05 
[DRIVER] LAG: 1503.05 
----------------------------------------------------------
Faces: 0
Saved debug (no face)
----------------------------------------------------------
[DRIVER] Logical time: 7400.00 
[DRIVER] Physical time: 8987.12 
[DRIVER] LAG: 1587.12 
----------------------------------------------------------
----------------------------------------------------------
[DRIVER] Logical time: 7600.00 
[DRIVER] Physical time: 9103.03 
[DRIVER] LAG: 1503.03 
----------------------------------------------------------
----------------------------------------------------------
[DRIVER] Logical time: 7800.00 
[DRIVER] Physical time: 9303.13 
[DRIVER] LAG: 1503.13 
----------------------------------------------------------
Faces: 0
Saved debug (no face)
----------------------------------------------------------
[DRIVER] Logical time: 8000.00 
[DRIVER] Physical time: 9502.90 
[DRIVER] LAG: 1502.90 
----------------------------------------------------------
----------------------------------------------------------
[DRIVER] Logical time: 8200.00 
[DRIVER] Physical time: 9703.09 
[DRIVER] LAG: 1503.09 
----------------------------------------------------------
Faces: 0
Saved debug (no face)
----------------------------------------------------------
[DRIVER] Logical time: 8400.00 
[DRIVER] Physical time: 9986.20 
[DRIVER] LAG: 1586.20 
----------------------------------------------------------
----------------------------------------------------------
[DRIVER] Logical time: 8600.00 
[DRIVER] Physical time: 10105.37 
[DRIVER] LAG: 1505.37 
----------------------------------------------------------
----------------------------------------------------------
[DRIVER] Logical time: 8800.00 
[DRIVER] Physical time: 10303.27 
[DRIVER] LAG: 1503.27 
----------------------------------------------------------
Faces: 0
Saved debug (no face)
----------------------------------------------------------
[DRIVER] Logical time: 9000.00 
[DRIVER] Physical time: 10502.66 
[DRIVER] LAG: 1502.66 
----------------------------------------------------------
----------------------------------------------------------
[DRIVER] Logical time: 9200.00 
[DRIVER] Physical time: 10705.51 
[DRIVER] LAG: 1505.51 
----------------------------------------------------------
Faces: 0
Saved debug (no face)
----------------------------------------------------------
[DRIVER] Logical time: 9400.00 
[DRIVER] Physical time: 10986.11 
[DRIVER] LAG: 1586.11 
----------------------------------------------------------
----------------------------------------------------------
[DRIVER] Logical time: 9600.00 
[DRIVER] Physical time: 11103.29 
[DRIVER] LAG: 1503.29 
----------------------------------------------------------
----------------------------------------------------------
[DRIVER] Logical time: 9800.00 
[DRIVER] Physical time: 11305.41 
[DRIVER] LAG: 1505.41 
----------------------------------------------------------
Faces: 0
Saved debug (no face)
----------------------------------------------------------
[DRIVER] Logical time: 10000.00 
[DRIVER] Physical time: 11503.01 
[DRIVER] LAG: 1503.01 
----------------------------------------------------------
----------------------------------------------------------
[DRIVER] Logical time: 10200.00 
[DRIVER] Physical time: 11702.43 
[DRIVER] LAG: 1502.43 
----------------------------------------------------------
Faces: 0
Saved debug (no face)
----------------------------------------------------------
[DRIVER] Logical time: 10400.00 
[DRIVER] Physical time: 11986.83 
[DRIVER] LAG: 1586.83 
----------------------------------------------------------
----------------------------------------------------------
[DRIVER] Logical time: 10600.00 
[DRIVER] Physical time: 12101.29 
[DRIVER] LAG: 1501.29 
----------------------------------------------------------
----------------------------------------------------------
[DRIVER] Logical time: 10800.00 
[DRIVER] Physical time: 12299.50 
[DRIVER] LAG: 1499.50 
----------------------------------------------------------
Faces: 0
Saved debug (no face)
----------------------------------------------------------
[DRIVER] Logical time: 11000.00 
[DRIVER] Physical time: 12499.69 
[DRIVER] LAG: 1499.69 
----------------------------------------------------------
----------------------------------------------------------
[DRIVER] Logical time: 11200.00 
[DRIVER] Physical time: 12701.39 
[DRIVER] LAG: 1501.39 
----------------------------------------------------------
Faces: 0
Saved debug (no face)
----------------------------------------------------------
[DRIVER] Logical time: 11400.00 
[DRIVER] Physical time: 12982.67 
[DRIVER] LAG: 1582.67 
----------------------------------------------------------
----------------------------------------------------------
[DRIVER] Logical time: 11600.00 
[DRIVER] Physical time: 13101.66 
[DRIVER] LAG: 1501.66 
----------------------------------------------------------
----------------------------------------------------------
[DRIVER] Logical time: 11800.00 
[DRIVER] Physical time: 13299.56 
[DRIVER] LAG: 1499.56 
----------------------------------------------------------
Faces: 0
Saved debug (no face)
----------------------------------------------------------
[DRIVER] Logical time: 12000.00 
[DRIVER] Physical time: 13499.56 
[DRIVER] LAG: 1499.56 
----------------------------------------------------------
----------------------------------------------------------
[DRIVER] Logical time: 12200.00 
[DRIVER] Physical time: 13699.94 
[DRIVER] LAG: 1499.94 
----------------------------------------------------------
Faces: 0
Saved debug (no face)
----------------------------------------------------------
[DRIVER] Logical time: 12400.00 
[DRIVER] Physical time: 13990.23 
[DRIVER] LAG: 1590.23 
----------------------------------------------------------
----------------------------------------------------------
[DRIVER] Logical time: 12600.00 
[DRIVER] Physical time: 14099.80 
[DRIVER] LAG: 1499.80 
----------------------------------------------------------
----------------------------------------------------------
[DRIVER] Logical time: 12800.00 
[DRIVER] Physical time: 14299.71 
[DRIVER] LAG: 1499.71 
----------------------------------------------------------
Faces: 0
Saved debug (no face)
----------------------------------------------------------
[DRIVER] Logical time: 13000.00 
[DRIVER] Physical time: 14499.55 
[DRIVER] LAG: 1499.55 
----------------------------------------------------------
----------------------------------------------------------
[DRIVER] Logical time: 13200.00 
[DRIVER] Physical time: 14701.77 
[DRIVER] LAG: 1501.77 
----------------------------------------------------------
Faces: 0
Saved debug (no face)
----------------------------------------------------------
[DRIVER] Logical time: 13400.00 
[DRIVER] Physical time: 14986.02 
[DRIVER] LAG: 1586.02 
----------------------------------------------------------
----------------------------------------------------------
[DRIVER] Logical time: 13600.00 
[DRIVER] Physical time: 15099.73 
[DRIVER] LAG: 1499.73 
----------------------------------------------------------
----------------------------------------------------------
[DRIVER] Logical time: 13800.00 
[DRIVER] Physical time: 15299.87 
[DRIVER] LAG: 1499.87 
----------------------------------------------------------
Faces: 0
Saved debug (no face)
----------------------------------------------------------
[DRIVER] Logical time: 14000.00 
[DRIVER] Physical time: 15499.78 
[DRIVER] LAG: 1499.78 
----------------------------------------------------------
----------------------------------------------------------
[DRIVER] Logical time: 14200.00 
[DRIVER] Physical time: 15702.44 
[DRIVER] LAG: 1502.44 
----------------------------------------------------------
Faces: 0
Saved debug (no face)
----------------------------------------------------------
[DRIVER] Logical time: 14400.00 
[DRIVER] Physical time: 15987.52 
[DRIVER] LAG: 1587.52 
----------------------------------------------------------
----------------------------------------------------------
[DRIVER] Logical time: 14600.00 
[DRIVER] Physical time: 16099.91 
[DRIVER] LAG: 1499.91 
----------------------------------------------------------
----------------------------------------------------------
[DRIVER] Logical time: 14800.00 
[DRIVER] Physical time: 16302.25 
[DRIVER] LAG: 1502.25 
----------------------------------------------------------
Faces: 0
Saved debug (no face)
----------------------------------------------------------
[DRIVER] Logical time: 15000.00 
[DRIVER] Physical time: 16499.83 
[DRIVER] LAG: 1499.83 
----------------------------------------------------------
----------------------------------------------------------
[DRIVER] Logical time: 15200.00 
[DRIVER] Physical time: 16699.99 
[DRIVER] LAG: 1499.99 
----------------------------------------------------------
Faces: 0
Saved debug (no face)
----------------------------------------------------------
[DRIVER] Logical time: 15400.00 
[DRIVER] Physical time: 16983.58 
[DRIVER] LAG: 1583.58 
----------------------------------------------------------
----------------------------------------------------------
[DRIVER] Logical time: 15600.00 
[DRIVER] Physical time: 17100.04 
[DRIVER] LAG: 1500.04 
----------------------------------------------------------
----------------------------------------------------------
[DRIVER] Logical time: 15800.00 
[DRIVER] Physical time: 17300.10 
[DRIVER] LAG: 1500.10 
----------------------------------------------------------
Faces: 0
Saved debug (no face)
----------------------------------------------------------
[DRIVER] Logical time: 16000.00 
[DRIVER] Physical time: 17499.84 
[DRIVER] LAG: 1499.84 
----------------------------------------------------------
----------------------------------------------------------
[DRIVER] Logical time: 16200.00 
[DRIVER] Physical time: 17700.09 
[DRIVER] LAG: 1500.09 
----------------------------------------------------------
Faces: 0
Saved debug (no face)
----------------------------------------------------------
[DRIVER] Logical time: 16400.00 
[DRIVER] Physical time: 17987.66 
[DRIVER] LAG: 1587.66 
----------------------------------------------------------
----------------------------------------------------------
[DRIVER] Logical time: 16600.00 
[DRIVER] Physical time: 18100.09 
[DRIVER] LAG: 1500.09 
----------------------------------------------------------
----------------------------------------------------------
[DRIVER] Logical time: 16800.00 
[DRIVER] Physical time: 18300.51 
[DRIVER] LAG: 1500.51 
----------------------------------------------------------
Faces: 0
Saved debug (no face)
----------------------------------------------------------
[DRIVER] Logical time: 17000.00 
[DRIVER] Physical time: 18499.81 
[DRIVER] LAG: 1499.81 
---- System clock resolution: 1 nsec
---- Start execution on Fri Apr 17 19:05:40 2026 ---- plus 596611071 nanoseconds
Fed 0 (d_main): Connected to 10.218.100.78:15045.
Fed 0 (d_main): Starting timestamp is: 1776477942948648998.
